desert-strategy-01-breadth-t4-striker-heavy-a-s101009-baseline-targeting 101009 complete
desert-strategy-01-breadth-t4-striker-heavy-a-s101009-lowhp-targeting 101009 complete
desert-strategy-01-breadth-t4-squire-heavy-a-s101009-baseline-targeting 101009 complete
desert-strategy-01-breadth-t4-squire-heavy-a-s101009-lowhp-targeting 101009 complete
desert-strategy-01-breadth-t4-apprentice-heavy-a-s101009-baseline-targeting 101009 complete
desert-strategy-01-breadth-t4-apprentice-heavy-a-s101009-lowhp-targeting 101009 complete
desert-strategy-01-breadth-t4-slinger-heavy-a-s101009-baseline-targeting 101009 complete
desert-strategy-01-breadth-t4-slinger-heavy-a-s101009-lowhp-targeting 101009 complete
desert-strategy-01-breadth-t4-conduit-heavy-b-s101009-baseline-targeting 101009 complete
desert-strategy-01-breadth-t4-conduit-heavy-b-s101009-lowhp-targeting 101009 complete
desert-strategy-01-breadth-t4-spirit-heavy-a-s101009-baseline-targeting 101009 complete
desert-strategy-01-breadth-t4-spirit-heavy-a-s101009-lowhp-targeting 101009 complete
desert-strategy-01-breadth-t4-striker-heavy-a-s101021-lowhp-targeting 101021 complete
desert-strategy-01-breadth-t4-striker-heavy-a-s101021-baseline-targeting 101021 complete
desert-strategy-01-breadth-t4-squire-heavy-a-s101021-lowhp-targeting 101021 complete
desert-strategy-01-breadth-t4-squire-heavy-a-s101021-baseline-targeting 101021 complete
desert-strategy-01-breadth-t4-apprentice-heavy-a-s101021-lowhp-targeting 101021 complete
desert-strategy-01-breadth-t4-apprentice-heavy-a-s101021-baseline-targeting 101021 complete
desert-strategy-01-breadth-t4-slinger-heavy-a-s101021-lowhp-targeting 101021 complete
desert-strategy-01-breadth-t4-slinger-heavy-a-s101021-baseline-targeting 101021 complete
desert-strategy-01-breadth-t4-conduit-heavy-b-s101021-lowhp-targeting 101021 complete
desert-strategy-01-breadth-t4-conduit-heavy-b-s101021-baseline-targeting 101021 complete
desert-strategy-01-breadth-t4-spirit-heavy-a-s101021-lowhp-targeting 101021 complete
desert-strategy-01-breadth-t4-spirit-heavy-a-s101021-baseline-targeting 101021 complete
