t3-tundra-class-frame-01-striker-light-s101009-primary 101009 complete
t3-tundra-class-frame-01-striker-light-s101009-w1 101009 complete
t3-tundra-class-frame-01-squire-light-s101009-primary 101009 complete
t3-tundra-class-frame-01-apprentice-light-s101009-primary 101009 complete
t3-tundra-class-frame-01-slinger-light-s101009-primary 101009 complete
t3-tundra-class-frame-01-conduit-light-s101009-primary 101009 complete
t3-tundra-class-frame-01-spirit-light-s101009-primary 101009 complete
t3-tundra-class-frame-01-striker-balanced-s101009-primary 101009 complete
t3-tundra-class-frame-01-striker-balanced-s101009-w2 101009 complete
t3-tundra-class-frame-01-squire-balanced-s101009-primary 101009 complete
t3-tundra-class-frame-01-apprentice-balanced-s101009-primary 101009 complete
t3-tundra-class-frame-01-apprentice-balanced-s101009-a2 101009 complete
t3-tundra-class-frame-01-slinger-balanced-s101009-primary 101009 complete
t3-tundra-class-frame-01-slinger-balanced-s101009-w5 101009 complete
t3-tundra-class-frame-01-conduit-balanced-s101009-primary 101009 complete
t3-tundra-class-frame-01-conduit-balanced-s101009-w6 101009 complete
t3-tundra-class-frame-01-spirit-balanced-s101009-primary 101009 complete
t3-tundra-class-frame-01-spirit-balanced-s101009-a3 101009 complete
t3-tundra-class-frame-01-striker-heavy-s101009-primary 101009 complete
t3-tundra-class-frame-01-striker-heavy-s101009-w3 101009 complete
t3-tundra-class-frame-01-squire-heavy-s101009-primary 101009 complete
t3-tundra-class-frame-01-squire-heavy-s101009-w4 101009 complete
t3-tundra-class-frame-01-apprentice-heavy-s101009-primary 101009 complete
t3-tundra-class-frame-01-slinger-heavy-s101009-primary 101009 complete
t3-tundra-class-frame-01-conduit-heavy-s101009-primary 101009 complete
t3-tundra-class-frame-01-spirit-heavy-s101009-primary 101009 complete
t3-tundra-class-frame-01-striker-light-s101021-w1 101021 complete
t3-tundra-class-frame-01-striker-light-s101021-primary 101021 complete
t3-tundra-class-frame-01-squire-light-s101021-primary 101021 complete
t3-tundra-class-frame-01-apprentice-light-s101021-primary 101021 complete
t3-tundra-class-frame-01-slinger-light-s101021-primary 101021 complete
t3-tundra-class-frame-01-conduit-light-s101021-primary 101021 complete
t3-tundra-class-frame-01-spirit-light-s101021-primary 101021 complete
t3-tundra-class-frame-01-striker-balanced-s101021-w2 101021 complete
t3-tundra-class-frame-01-striker-balanced-s101021-primary 101021 complete
t3-tundra-class-frame-01-squire-balanced-s101021-primary 101021 complete
t3-tundra-class-frame-01-apprentice-balanced-s101021-a2 101021 complete
t3-tundra-class-frame-01-apprentice-balanced-s101021-primary 101021 complete
t3-tundra-class-frame-01-slinger-balanced-s101021-w5 101021 complete
t3-tundra-class-frame-01-slinger-balanced-s101021-primary 101021 complete
t3-tundra-class-frame-01-conduit-balanced-s101021-w6 101021 complete
t3-tundra-class-frame-01-conduit-balanced-s101021-primary 101021 complete
t3-tundra-class-frame-01-spirit-balanced-s101021-a3 101021 complete
t3-tundra-class-frame-01-spirit-balanced-s101021-primary 101021 complete
t3-tundra-class-frame-01-striker-heavy-s101021-w3 101021 complete
t3-tundra-class-frame-01-striker-heavy-s101021-primary 101021 complete
t3-tundra-class-frame-01-squire-heavy-s101021-w4 101021 complete
t3-tundra-class-frame-01-squire-heavy-s101021-primary 101021 complete
t3-tundra-class-frame-01-apprentice-heavy-s101021-primary 101021 complete
t3-tundra-class-frame-01-slinger-heavy-s101021-primary 101021 complete
t3-tundra-class-frame-01-conduit-heavy-s101021-primary 101021 complete
t3-tundra-class-frame-01-spirit-heavy-s101021-primary 101021 complete
